// 重构日志: 7656ab5c
// 重构日志: b0b14f70
// 重构日志: 9159d222
// 重构日志: faaa9142
// 重构日志: 55b8a336
// 重构日志: bf7a6647
// 同步 ID: f14d12df @ Sat Jul 11 11:24:16 UTC 2026
// 重构日志: c35127d7
// 重构日志: 7a158673
// 重构日志: bfa630d6
// 重构日志: 911ba045
// 重构日志: d7025a07
// 同步 ID: 24a146c7 @ Thu Jul 16 08:15:11 UTC 2026
// 重构日志: a1a940a4
// 重构日志: 25e0e930
// 重构日志: faaa864d
// 重构日志: ffcdafc7
// 同步 ID: 82897ad9 @ Tue Jul 21 18:38:50 UTC 2026
// 同步 ID: 61615983 @ Fri Jul 24 12:32:58 UTC 2026
// 重构日志: bb2d565b
// 重构日志: 98e1d4b2
// 重构日志: d8080284
// 重构日志: 81cbca26
// 同步 ID: 28eeef7a @ Mon Jul 27 13:37:54 UTC 2026
// 重构日志: 64a412a9
// 重构日志: b5bde19a
// 同步 ID: 6bdbc09e @ Wed Jul 29 07:46:46 UTC 2026
// 同步 ID: fcad1fac @ Wed Jul 29 12:33:53 UTC 2026
// 同步 ID: c93744a8 @ Wed Jul 29 20:29:51 UTC 2026
// 同步 ID: 4dc0e8b4 @ Thu Jul 30 01:27:24 UTC 2026
// 重构日志: 820a7505
